---
source: src/cmds/cloud/cdk_cmd.rs
expression: output
---
Stack SampleApp-RssBatch
Resources
[~] Custom::AWS PopulateFeedTable/Resource PopulateFeedTableFCA8F2DB may be replaced
 Ôö£ÔöÇ [~] Create (may cause replacement)
 Ôöé   ÔööÔöÇ [~] .Fn::Join:
 Ôöé       ÔööÔöÇ @@ -5,6 +5,6 @@
 Ôöé          [ ]     {
 Ôöé          [ ]       "Ref": "FeedInitFunctionBDD3CB88"
 Ôöé          [ ]     },
 Ôöé          [-]     "\",\"InvocationType\":\"RequestResponse\"},\"physicalResourceId\":{\"id\":\"PopulateFeedTable-...
 Ôöé          [+]     "\",\"InvocationType\":\"RequestResponse\"},\"physicalResourceId\":{\"id\":\"PopulateFeedTable-...
 Ôöé          [ ]   ]
 Ôöé          [ ] ]
 ÔööÔöÇ [~] Update (may cause replacement)
     ÔööÔöÇ [~] .Fn::Join:
         ÔööÔöÇ @@ -5,6 +5,6 @@
            [ ]     {
            [ ]       "Ref": "FeedInitFunctionBDD3CB88"
            [ ]     },
            [-]     "\",\"InvocationType\":\"RequestResponse\"},\"physicalResourceId\":{\"id\":\"PopulateFeedTable-8b...
            [+]     "\",\"InvocationType\":\"RequestResponse\"},\"physicalResourceId\":{\"id\":\"PopulateFeedTable-70...
            [ ]   ]
            [ ] ]
[~] AWS::Lambda::Function CollectRSSLambda CollectRSSLambda
 ÔööÔöÇ [~] Code
     ÔööÔöÇ [~] .S3Key:
         Ôö£ÔöÇ [-] 76ce6425ec357997f182cc7370fd6cf0aa8c7c3f7559feca7e9de72232a2008a.zip
         ÔööÔöÇ [+] e83d32d44b93a5871e77d2b8586d9c5755097bcc11006b0cc914495e2306fcb3.zip
[~] AWS::Lambda::Function ProcessBatchResultsLambda ProcessBatchResultsLambda
 ÔööÔöÇ [~] Code
     ÔööÔöÇ [~] .S3Key:
         Ôö£ÔöÇ [-] 891f967309fb7f5936e53784f423df3061ecd529ab331eb9ea4d88a52e0d47c8.zip
         ÔööÔöÇ [+] 3abbe79759e53b9fd31898d57deff1c9ec8792cba0b556bd2da396cd4cdbb651.zip
Ô£¿  Number of stacks with differences: 1

Summary: 1 added, 3 changed, 1 removed
